../Core/Src/tft_display.c:453:6:TFT_Init	8	static
../Core/Src/tft_display.c:489:6:TFT_WriteCommand	16	static
../Core/Src/tft_display.c:496:6:TFT_WriteData	16	static
../Core/Src/tft_display.c:503:6:TFT_WriteData16	24	static
../Core/Src/tft_display.c:514:6:TFT_Reset	8	static
../Core/Src/tft_display.c:521:6:TFT_SetAddressWindow	24	static
../Core/Src/tft_display.c:534:6:TFT_InvertColors	16	static
../Core/Src/tft_display.c:542:6:TFT_FillScreen	32	static
../Core/Src/tft_display.c:567:6:TFT_DrawPixel	24	static
../Core/Src/tft_display.c:594:6:TFT_DrawString	40	static
../Core/Src/tft_display.c:603:6:TFT_DrawSymbol	40	static
../Core/Src/tft_display.c:635:6:TFT_DrawBatteryWithBars	48	static
../Core/Src/tft_display.c:676:6:TFT_DrawWifiWithBars	40	static
../Core/Src/tft_display.c:699:6:TFT_DrawArc	48	static
../Core/Src/tft_display.c:710:6:TFT_DrawClock	48	static
../Core/Src/tft_display.c:723:6:TFT_DrawAnalogClock	96	static
../Core/Src/tft_display.c:758:6:TFT_DrawStringWithSymbols	40	static
../Core/Src/tft_display.c:771:6:TFT_DrawStringCentered	40	static
../Core/Src/tft_display.c:778:6:TFT_DrawStringCenteredSize	48	static
../Core/Src/tft_display.c:786:6:TFT_DrawRect	32	static
../Core/Src/tft_display.c:797:6:TFT_DrawFilledRect	40	static
../Core/Src/tft_display.c:841:6:TFT_DrawRectCentered	40	static
../Core/Src/tft_display.c:850:6:TFT_SetRotation	16	static
../Core/Src/tft_display.c:856:9:TFT_GetRotation	4	static
../Core/Src/tft_display.c:860:6:TFT_Rotate90	8	static
../Core/Src/tft_display.c:864:6:TFT_Rotate180	8	static
../Core/Src/tft_display.c:868:6:TFT_Rotate270	8	static
../Core/Src/tft_display.c:872:6:TFT_Rotate0	8	static
../Core/Src/tft_display.c:876:10:TFT_GetWidth	4	static
../Core/Src/tft_display.c:888:10:TFT_GetHeight	4	static
../Core/Src/tft_display.c:900:6:TFT_DrawFilledCircle	56	static
../Core/Src/tft_display.c:944:6:TFT_DrawCircle	48	static
../Core/Src/tft_display.c:1001:6:TFT_printf	184	static
../Core/Src/tft_display.c:1045:6:TFT_CalculateTextSize	32	static
../Core/Src/tft_display.c:1076:13:TFT_DrawCharScaled	40	static
../Core/Src/tft_display.c:1111:6:TFT_BackgroundImage	40	static
../Core/Src/tft_display.c:1136:6:TFT_AddIcon	48	static
