../Core/Src/tft_display.c:452:6:TFT_Init	8	static
../Core/Src/tft_display.c:488:6:TFT_WriteCommand	16	static
../Core/Src/tft_display.c:495:6:TFT_WriteData	16	static
../Core/Src/tft_display.c:502:6:TFT_WriteData16	24	static
../Core/Src/tft_display.c:513:6:TFT_Reset	8	static
../Core/Src/tft_display.c:520:6:TFT_SetAddressWindow	24	static
../Core/Src/tft_display.c:533:6:TFT_InvertColors	16	static
../Core/Src/tft_display.c:541:6:TFT_FillScreen	32	static
../Core/Src/tft_display.c:566:6:TFT_DrawPixel	24	static
../Core/Src/tft_display.c:593:6:TFT_DrawString	40	static
../Core/Src/tft_display.c:602:6:TFT_DrawSymbol	40	static
../Core/Src/tft_display.c:634:6:TFT_DrawBatteryWithBars	48	static
../Core/Src/tft_display.c:675:6:TFT_DrawWifiWithBars	40	static
../Core/Src/tft_display.c:698:6:TFT_DrawArc	48	static
../Core/Src/tft_display.c:709:6:TFT_DrawClock	48	static
../Core/Src/tft_display.c:722:6:TFT_DrawAnalogClock	96	static
../Core/Src/tft_display.c:757:6:TFT_DrawStringWithSymbols	40	static
../Core/Src/tft_display.c:770:6:TFT_DrawStringCentered	40	static
../Core/Src/tft_display.c:777:6:TFT_DrawStringCenteredSize	48	static
../Core/Src/tft_display.c:785:6:TFT_DrawRect	32	static
../Core/Src/tft_display.c:796:6:TFT_DrawFilledRect	40	static
../Core/Src/tft_display.c:840:6:TFT_DrawRectCentered	40	static
../Core/Src/tft_display.c:849:6:TFT_SetRotation	16	static
../Core/Src/tft_display.c:855:9:TFT_GetRotation	4	static
../Core/Src/tft_display.c:859:6:TFT_Rotate90	8	static
../Core/Src/tft_display.c:863:6:TFT_Rotate180	8	static
../Core/Src/tft_display.c:867:6:TFT_Rotate270	8	static
../Core/Src/tft_display.c:871:6:TFT_Rotate0	8	static
../Core/Src/tft_display.c:875:10:TFT_GetWidth	4	static
../Core/Src/tft_display.c:887:10:TFT_GetHeight	4	static
../Core/Src/tft_display.c:899:6:TFT_DrawFilledCircle	56	static
../Core/Src/tft_display.c:943:6:TFT_DrawCircle	48	static
../Core/Src/tft_display.c:1000:6:TFT_printf	184	static
../Core/Src/tft_display.c:1044:6:TFT_CalculateTextSize	32	static
../Core/Src/tft_display.c:1075:13:TFT_DrawCharScaled	40	static
../Core/Src/tft_display.c:1110:6:TFT_BackgroundImage	40	static
../Core/Src/tft_display.c:1135:6:TFT_AddIcon	48	static
