../Core/Src/touch.c:20:16:TOUCH_SPI_Transfer	32	static
../Core/Src/touch.c:26:6:TOUCH_Init	32	static
../Core/Src/touch.c:52:9:TOUCH_ReadRaw	40	static
../Core/Src/touch.c:97:9:TOUCH_Read	24	static
../Core/Src/touch.c:139:6:TOUCH_SetOrientation	16	static
../Core/Src/touch.c:143:9:TOUCH_GetOrientation	4	static
../Core/Src/touch.c:147:6:TOUCH_Calibrate	16	static
../Core/Src/touch.c:155:9:TOUCH_IsPressed	8	static
../Core/Src/touch.c:159:9:TOUCH_GetState	24	static
../Core/Src/touch.c:185:10:TOUCH_ReadPressure	32	static
